#
# There is insufficient memory for the Java Runtime Environment to continue.
# Native memory allocation (mmap) failed to map 117440512 bytes for G1 virtual space
# Possible reasons:
#   The system is out of physical RAM or swap space
#   The process is running with CompressedOops enabled, and the Java Heap may be blocking the growth of the native heap
# Possible solutions:
#   Reduce memory load on the system
#   Increase physical memory or swap space
#   Check if swap backing store is full
#   Decrease Java heap size (-Xmx/-Xms)
#   Decrease number of Java threads
#   Decrease Java thread stack sizes (-Xss)
#   Set larger code cache with -XX:ReservedCodeCacheSize=
#   JVM is running with Unscaled Compressed Oops mode in which the Java heap is
#     placed in the first 4GB address space. The Java Heap base address is the
#     maximum limit for the native heap growth. Please use -XX:HeapBaseMinAddress
#     to set the Java Heap base and to place the Java Heap above 4GB virtual address.
# This output file may be truncated or incomplete.
#
#  Out of Memory Error (os_windows.cpp:3550), pid=28636, tid=15088
#
# JRE version:  (17.0.8+9) (build )
# Java VM: Java HotSpot(TM) 64-Bit Server VM (17.0.8+9-LTS-211, mixed mode, emulated-client, sharing, tiered, compressed oops, compressed class ptrs, g1 gc, windows-amd64)
# No core dump will be written. Minidumps are not enabled by default on client versions of Windows
#

---------------  S U M M A R Y ------------

Command Line: -XX:TieredStopAtLevel=1 -Dspring.output.ansi.enabled=always -Dcom.sun.management.jmxremote -Dspring.jmx.enabled=true -Dspring.liveBeansView.mbeanDomain -Dspring.application.admin.enabled=true -Dmanagement.endpoints.jmx.exposure.include=* -javaagent:C:\Program Files\JetBrains\IntelliJ IDEA 2024.3.2.2\lib\idea_rt.jar=52806:C:\Program Files\JetBrains\IntelliJ IDEA 2024.3.2.2\bin -Dfile.encoding=UTF-8 ru.itmo.is.space_marine_backend.SpaceMarineBackendApplication

Host: AMD Ryzen 5 3500U with Radeon Vega Mobile Gfx  , 8 cores, 6G,  Windows 11 , 64 bit Build 26100 (10.0.26100.6725)
Time: Thu Oct 30 23:31:44 2025 RTZ 2 (s 11 , 64 bit Build 26100 (10.0.26100.6725) elapsed time: 0.044126 seconds (0d 0h 0m 0s)

---------------  T H R E A D  ---------------

Current thread (0x000002448e879040):  JavaThread "Unknown thread" [_thread_in_vm, id=15088, stack(0x0000009550700000,0x0000009550800000)]

Stack: [0x0000009550700000,0x0000009550800000]
Native frames: (J=compiled Java code, j=interpreted, Vv=VM code, C=native code)
V  [jvm.dll+0x677d0a]
V  [jvm.dll+0x7d8c54]
V  [jvm.dll+0x7da3fe]
V  [jvm.dll+0x7daa63]
V  [jvm.dll+0x245c5f]
V  [jvm.dll+0x674bb9]
V  [jvm.dll+0x6694f2]
V  [jvm.dll+0x3031d6]
V  [jvm.dll+0x30a756]
V  [jvm.dll+0x359f9e]
V  [jvm.dll+0x35a1cf]
V  [jvm.dll+0x2da3e8]
V  [jvm.dll+0x2db354]
V  [jvm.dll+0x7aa711]
V  [jvm.dll+0x367b51]
V  [jvm.dll+0x789979]
V  [jvm.dll+0x3eb05f]
V  [jvm.dll+0x3ecae1]
C  [jli.dll+0x5297]
C  [ucrtbase.dll+0x37b0]
C  [KERNEL32.DLL+0x2e8d7]
C  [ntdll.dll+0x8c53c]


---------------  P R O C E S S  ---------------

Threads class SMR info:
_java_thread_list=0x00007ff8508059d8, length=0, elements={
}

Java Threads: ( => current thread )

Other Threads:
  0x000002448e8ccba0 GCTaskThread "GC Thread#0" [stack: 0x0000009550800000,0x0000009550900000] [id=37572]
  0x000002448e8dc7f0 ConcurrentGCThread "G1 Main Marker" [stack: 0x0000009550900000,0x0000009550a00000] [id=38504]
  0x000002448e8dd100 ConcurrentGCThread "G1 Conc#0" [stack: 0x0000009550a00000,0x0000009550b00000] [id=1956]

[error occurred during error reporting (printing all threads), id 0xc0000005, EXCEPTION_ACCESS_VIOLATION (0xc0000005) at pc=0x00007ff85003b047]

VM state: not at safepoint (not fully initialized)

VM Mutex/Monitor currently owned by a thread:  ([mutex/lock_event])
[0x000002448e874970] Heap_lock - owner thread: 0x000002448e879040

Heap address: 0x0000000091000000, size: 1776 MB, Compressed Oops mode: 32-bit

CDS archive(s) mapped at: [0x0000000000000000-0x0000000000000000-0x0000000000000000), size 0, SharedBaseAddress: 0x0000000800000000, ArchiveRelocationMode: 1.
Narrow klass base: 0x0000000000000000, Narrow klass shift: 0, Narrow klass range: 0x0

GC Precious Log:
<Empty>

Heap:
 garbage-first heap   total 0K, used 0K [0x0000000091000000, 0x0000000100000000)
  region size 1024K, 0 young (0K), 0 survivors (0K)

[error occurred during error reporting (printing heap information), id 0xc0000005, EXCEPTION_ACCESS_VIOLATION (0xc0000005) at pc=0x00007ff850421499]

GC Heap History (0 events):
No events

Deoptimization events (0 events):
No events

Classes unloaded (0 events):
No events

Classes redefined (0 events):
No events

Internal exceptions (0 events):
No events

VM Operations (0 events):
No events

Events (1 events):
Event: 0.027 Loaded shared library C:\Program Files\Java\jdk-17\bin\java.dll


Dynamic libraries:
0x00007ff60c840000 - 0x00007ff60c850000 	C:\Program Files\Java\jdk-17\bin\java.exe
0x00007ff8df3e0000 - 0x00007ff8df648000 	C:\WINDOWS\SYSTEM32\ntdll.dll
0x00007ff8ddae0000 - 0x00007ff8ddba9000 	C:\WINDOWS\System32\KERNEL32.DLL
0x00007ff8dc990000 - 0x00007ff8dcd82000 	C:\WINDOWS\System32\KERNELBASE.dll
0x00007ff8dc840000 - 0x00007ff8dc98b000 	C:\WINDOWS\System32\ucrtbase.dll
0x00007ff8ae800000 - 0x00007ff8ae81b000 	C:\Program Files\Java\jdk-17\bin\VCRUNTIME140.dll
0x00007ff8ae9c0000 - 0x00007ff8ae9d9000 	C:\Program Files\Java\jdk-17\bin\jli.dll
0x00007ff8dd3c0000 - 0x00007ff8dd474000 	C:\WINDOWS\System32\ADVAPI32.dll
0x00007ff8dd6e0000 - 0x00007ff8dd789000 	C:\WINDOWS\System32\msvcrt.dll
0x00007ff8de890000 - 0x00007ff8de936000 	C:\WINDOWS\System32\sechost.dll
0x00007ff8ddc10000 - 0x00007ff8ddd28000 	C:\WINDOWS\System32\RPCRT4.dll
0x00007ff8dd510000 - 0x00007ff8dd6d5000 	C:\WINDOWS\System32\USER32.dll
0x00007ff8dc610000 - 0x00007ff8dc637000 	C:\WINDOWS\System32\win32u.dll
0x00007ff8dd790000 - 0x00007ff8dd7bb000 	C:\WINDOWS\System32\GDI32.dll
0x00007ff8dcf00000 - 0x00007ff8dd02d000 	C:\WINDOWS\System32\gdi32full.dll
0x00007ff8c7d30000 - 0x00007ff8c7fc3000 	C:\WINDOWS\WinSxS\amd64_microsoft.windows.common-controls_6595b64144ccf1df_6.0.26100.6899_none_3e0efeeae32e88c1\COMCTL32.dll
0x00007ff8dc700000 - 0x00007ff8dc7a3000 	C:\WINDOWS\System32\msvcp_win.dll
0x00007ff8dbe60000 - 0x00007ff8dbe6b000 	C:\WINDOWS\SYSTEM32\VERSION.dll
0x00007ff8dde40000 - 0x00007ff8dde6f000 	C:\WINDOWS\System32\IMM32.DLL
0x0000000063de0000 - 0x0000000063dec000 	D:\Program Files (x86)\360\Total Security\safemon\SafeWrapper.dll
0x00007ff89b4c0000 - 0x00007ff89b56c000 	D:\Program Files (x86)\360\Total Security\safemon\libzdtp64.dll
0x00007ff8dec20000 - 0x00007ff8df36d000 	C:\WINDOWS\System32\SHELL32.dll
0x00007ff8dcd90000 - 0x00007ff8dcefb000 	C:\WINDOWS\System32\wintypes.dll
0x00007ff8de330000 - 0x00007ff8de6ab000 	C:\WINDOWS\System32\combase.dll
0x00007ff8deaf0000 - 0x00007ff8deb52000 	C:\WINDOWS\System32\SHLWAPI.dll
0x00007ff8cb340000 - 0x00007ff8cb34c000 	C:\Program Files\Java\jdk-17\bin\vcruntime140_1.dll
0x00007ff8a3580000 - 0x00007ff8a360e000 	C:\Program Files\Java\jdk-17\bin\msvcp140.dll
0x00007ff84fd50000 - 0x00007ff85092e000 	C:\Program Files\Java\jdk-17\bin\server\jvm.dll
0x00007ff8dd500000 - 0x00007ff8dd508000 	C:\WINDOWS\System32\PSAPI.DLL
0x00007ff8c0940000 - 0x00007ff8c094a000 	C:\WINDOWS\SYSTEM32\WSOCK32.dll
0x00007ff8d6aa0000 - 0x00007ff8d6ad5000 	C:\WINDOWS\SYSTEM32\WINMM.dll
0x00007ff8dd340000 - 0x00007ff8dd3b4000 	C:\WINDOWS\System32\WS2_32.dll
0x00007ff8db2d0000 - 0x00007ff8db2eb000 	C:\WINDOWS\SYSTEM32\kernel.appcore.dll
0x00007ff8c9ca0000 - 0x00007ff8c9caa000 	C:\Program Files\Java\jdk-17\bin\jimage.dll
0x00007ff8d9eb0000 - 0x00007ff8da0f2000 	C:\WINDOWS\SYSTEM32\DBGHELP.DLL
0x00007ff8dda00000 - 0x00007ff8ddad7000 	C:\WINDOWS\System32\OLEAUT32.dll
0x00007ff8d19f0000 - 0x00007ff8d1a2c000 	C:\WINDOWS\SYSTEM32\dbgcore.DLL
0x00007ff8dc570000 - 0x00007ff8dc608000 	C:\WINDOWS\System32\bcryptPrimitives.dll
0x00007ff8c85e0000 - 0x00007ff8c85ee000 	C:\Program Files\Java\jdk-17\bin\instrument.dll
0x00007ff8b5fe0000 - 0x00007ff8b6005000 	C:\Program Files\Java\jdk-17\bin\java.dll

dbghelp: loaded successfully - version: 4.0.5 - missing functions: none
symbol engine: initialized successfully - sym options: 0x614 - pdb path: .;C:\Program Files\Java\jdk-17\bin;C:\WINDOWS\SYSTEM32;C:\WINDOWS\WinSxS\amd64_microsoft.windows.common-controls_6595b64144ccf1df_6.0.26100.6899_none_3e0efeeae32e88c1;D:\Program Files (x86)\360\Total Security\safemon;C:\Program Files\Java\jdk-17\bin\server

VM Arguments:
jvm_args: -XX:TieredStopAtLevel=1 -Dspring.output.ansi.enabled=always -Dcom.sun.management.jmxremote -Dspring.jmx.enabled=true -Dspring.liveBeansView.mbeanDomain -Dspring.application.admin.enabled=true -Dmanagement.endpoints.jmx.exposure.include=* -javaagent:C:\Program Files\JetBrains\IntelliJ IDEA 2024.3.2.2\lib\idea_rt.jar=52806:C:\Program Files\JetBrains\IntelliJ IDEA 2024.3.2.2\bin -Dfile.encoding=UTF-8 
java_command: ru.itmo.is.space_marine_backend.SpaceMarineBackendApplication
java_class_path (initial): C:\Users\ibraa\space-marine\space-marine-backend\build\classes\java\main;C:\Users\ibraa\space-marine\space-marine-backend\build\resources\main;C:\Users\ibraa\.gradle\caches\modules-2\files-2.1\org.projectlombok\lombok\1.18.32\17d46b3e205515e1e8efd3ee4d57ce8018914163\lombok-1.18.32.jar;C:\Users\ibraa\.gradle\caches\modules-2\files-2.1\org.springframework.boot\spring-boot-starter-validation\3.5.5\5510bd155652ef231976f1ff1ca1bb1d9698829c\spring-boot-starter-validation-3.5.5.jar;C:\Users\ibraa\.gradle\caches\modules-2\files-2.1\org.springframework.boot\spring-boot-starter-data-jpa\3.5.5\1b0c807e0f584dcf2c8fe7360c07ff18faeacf30\spring-boot-starter-data-jpa-3.5.5.jar;C:\Users\ibraa\.gradle\caches\modules-2\files-2.1\org.springframework.boot\spring-boot-starter-security\3.5.5\d46f4927ef806fbbb509da0fbeabc9274163ef4c\spring-boot-starter-security-3.5.5.jar;C:\Users\ibraa\.gradle\caches\modules-2\files-2.1\org.springframework.boot\spring-boot-starter-web\3.5.5\b9039cd5aa1feda2cfbd487233e343f66627f78f\spring-boot-starter-web-3.5.5.jar;C:\Users\ibraa\.gradle\caches\modules-2\files-2.1\org.mapstruct\mapstruct\1.5.5.Final\2ca3cbe39b6e9ea8d5ea521965a89bef2a1e8eeb\mapstruct-1.5.5.Final.jar;C:\Users\ibraa\.gradle\caches\modules-2\files-2.1\io.jsonwebtoken\jjwt-api\0.11.5\f742940045619d06383e7df37b21ac422b476cf1\jjwt-api-0.11.5.jar;C:\Users\ibraa\.gradle\caches\modules-2\files-2.1\org.liquibase\liquibase-core\4.31.1\7578a1c2842d458c31eddb05c7ac82899af1893f\liquibase-core-4.31.1.jar;C:\Users\ibraa\.gradle\caches\modules-2\files-2.1\com.vladmihalcea\hibernate-types-60\2.21.1\28c37c89e0dac045737247499dc2ce85ba6c776a\hibernate-types-60-2.21.1.jar;C:\Users\ibraa\.gradle\caches\modules-2\files-2.1\org.springframework.boot\spring-boot-starter\3.5.5\f0e27ab73519ebebfc72c9b16ccde342cc9f599d\spring-boot-starter-3.5.5.jar;C:\Users\ibraa\.gradle\caches\modules-2\files-2.1\org.apache.tomcat.embed\tomcat-embed-el\10.1.44\6ee7685651c5eba1f4bef99f9dbb38b89d1a6cb6\tomcat-
Launcher Type: SUN_STANDARD

[Global flags]
     intx CICompilerCount                          = 4                                         {product} {ergonomic}
     uint ConcGCThreads                            = 2                                         {product} {ergonomic}
     uint G1ConcRefinementThreads                  = 8                                         {product} {ergonomic}
   size_t G1HeapRegionSize                         = 1048576                                   {product} {ergonomic}
    uintx GCDrainStackTargetSize                   = 64                                        {product} {ergonomic}
   size_t InitialHeapSize                          = 117440512                                 {product} {ergonomic}
     bool ManagementServer                         = true                                      {product} {command line}
   size_t MarkStackSize                            = 4194304                                   {product} {ergonomic}
   size_t MaxHeapSize                              = 1862270976                                {product} {ergonomic}
   size_t MinHeapDeltaBytes                        = 1048576                                   {product} {ergonomic}
   size_t MinHeapSize                              = 8388608                                   {product} {ergonomic}
    uintx NonProfiledCodeHeapSize                  = 0                                      {pd product} {ergonomic}
     bool ProfileInterpreter                       = false                                  {pd product} {command line}
    uintx ProfiledCodeHeapSize                     = 0                                      {pd product} {ergonomic}
   size_t SoftMaxHeapSize                          = 1862270976                             {manageable} {ergonomic}
     intx TieredStopAtLevel                        = 1                                         {product} {command line}
     bool UseCompressedClassPointers               = true                           {product lp64_product} {ergonomic}
     bool UseCompressedOops                        = true                           {product lp64_product} {ergonomic}
     bool UseG1GC                                  = true                                      {product} {ergonomic}
     bool UseLargePagesIndividualAllocation        = false                                  {pd product} {ergonomic}

Logging:
Log output configuration:
 #0: stdout all=warning uptime,level,tags
 #1: stderr all=off uptime,level,tags

Environment Variables:
JAVA_HOME=C:\Program Files\Java\jdk-17
PATH=D:\ibraa\Downloads\orcl\WINDOWS.X64_193000_db_home\bin;D:\ibraa\Downloads\23ai\dbhomeFree\bin;C:\Program Files\Common Files\Oracle\Java\javapath;C:\WINDOWS\system32;C:\WINDOWS;C:\WINDOWS\System32\Wbem;C:\WINDOWS\System32\WindowsPowerShell\v1.0\;C:\WINDOWS\System32\OpenSSH\;C:\Program Files\PuTTY\;C:\Program Files\Java\jdk-17\bin;C:\Program Files\Git\cmd;C:\Program Files\Docker\Docker\resources\bin;C:\Program Files\nodejs\;C:\Gradle\gradle-8.14\bin;C:\Users\ibraa\AppData\Local\Programs\Python\Python310\Scripts\;C:\Users\ibraa\AppData\Local\Programs\Python\Python310\;C:\Users\ibraa\AppData\Local\Microsoft\WindowsApps;C:\Program Files\JetBrains\PyCharm Community Edition 2021.2.3\bin;;C:\Users\ibraa\IntelliJ IDEA 2023.2.1\bin;;C:\Users\ibraa\AppData\Local\GitHubDesktop\bin;D:\ibraa\Downloads\Microsoft VS Code\bin;C:\Users\ibraa\AppData\Roaming\npm;
USERNAME=ibraa
OS=Windows_NT
PROCESSOR_IDENTIFIER=AMD64 Family 23 Model 24 Stepping 1, AuthenticAMD



---------------  S Y S T E M  ---------------

OS:
 Windows 11 , 64 bit Build 26100 (10.0.26100.6725)
OS uptime: 7 days 8:50 hours
Hyper-V role detected

CPU: total 8 (initial active 8) (8 cores per cpu, 2 threads per core) family 23 model 24 stepping 1 microcode 0x8108109, cx8, cmov, fxsr, ht, mmx, 3dnowpref, sse, sse2, sse3, ssse3, sse4a, sse4.1, sse4.2, popcnt, lzcnt, tsc, tscinvbit, avx, avx2, aes, clmul, bmi1, bmi2, adx, sha, fma, vzeroupper, clflush, clflushopt, hv

Memory: 4k page, system-wide physical 7103M (596M free)
TotalPageFile size 18754M (AvailPageFile size 17M)
current process WorkingSet (physical memory assigned to process): 13M, peak: 13M
current process commit charge ("private bytes"): 56M, peak: 167M

vm_info: Java HotSpot(TM) 64-Bit Server VM (17.0.8+9-LTS-211) for windows-amd64 JRE (17.0.8+9-LTS-211), built on Jun 14 2023 10:34:31 by "mach5one" with MS VC++ 17.1 (VS2022)

END.
